
> chrome-extension@0.5.0 build C:\Users\thiag\Desktop\Projetos\aviator-risk-analyzer\chrome-extension
> vite build && tsx build-content.mts

[38;5;142m[dotenvx@1.49.0] injecting env (3) from C:\Users\thiag\Desktop\Projetos\aviator-risk-analyzer\packages\env\dist\lib/../../../../.env[39m
[36mvite v6.3.6 [32mbuilding for production...[36m[39m
transforming...
[32mÔ£ô[39m 12 modules transformed.
rendering chunks...
computing gzip size...
[2m../dist/[22m[36mbackground.js  [39m[1m[2m27.27 kB[22m[1m[22m[2m Ôöé gzip: 4.56 kB[22m
[32m Manifest file copy complete: C:\Users\thiag\Desktop\Projetos\aviator-risk-analyzer\dist\manifest.json
[0m
[32mÔ£ô built in 774ms[39m
[38;5;142m[dotenvx@1.49.0] injecting env (3) from C:\Users\thiag\Desktop\Projetos\aviator-risk-analyzer\packages\env\dist\lib/../../../../.env[39m
[36mvite v6.3.6 [32mbuilding for production...[36m[39m
transforming...
node.exe : Browserslist: 
browsers data (caniuse-lite) is 
8 months old. Please run:
No C:\Program 
Files\nodejs\pnpm.ps1:16 
caractere:5
+     & "$basedir/node$exe"  "$ba
sedir/node_modules/pnpm/bin/pnpm.
cjs"  ...
+     ~~~~~~~~~~~~~~~~~~~~~~~~~~~
~~~~~~~~~~~~~~~~~~~~~~~~~~~~~~~~~
~~~~~
    + CategoryInfo          : No 
   tSpecified: (Browserslist: b  
  ...ld. Please run::String) [   
 ], RemoteException
    + FullyQualifiedErrorId : Na 
   tiveCommandError
 
  npx 
update-browserslist-db@latest
  Why you should do it 
regularly: https://github.com/bro
wserslist/update-db#readme
[32mÔ£ô[39m 1563 modules transformed.
[31mÔ£ù[39m Build failed in 
5.32s
node:internal/modules/run_main:12
3
    triggerUncaughtException(
    ^

[31m[vite:esbuild] Transform 
failed with 1 error:
C:/Users/thiag/Desktop/Projetos/a
viator-risk-analyzer/chrome-exten
sion/src/content/services/pattern
Service.ts:38:6: ERROR: Expected 
"}" but found 
"pinkIntervals"[39m
file: [36mC:/Users/thiag/Desktop
/Projetos/aviator-risk-analyzer/c
hrome-extension/src/content/servi
ces/patternService.ts:38:6[39m
[33m
[33mExpected "}" but found 
"pinkIntervals"[33m
36 |        prediction: 
result.prediction,
37 |        pinkIntervals: 
result.pinkIntervals
38 |        pinkIntervals: 
result.pinkIntervals // NOVO: 
Passar intervalos para o Overlay
   |        ^
39 |      };
40 |    }
[39m
    at failureErrorWithLog (C:\Us
ers\thiag\Desktop\Projetos\aviato
r-risk-analyzer\node_modules\.pnp
m\esbuild@0.25.9\node_modules\esb
uild\lib\main.js:1467:15)
    at C:\Users\thiag\Desktop\Pro
jetos\aviator-risk-analyzer\node_
modules\.pnpm\esbuild@0.25.9\node
_modules\esbuild\lib\main.js:736:
50
    at 
responseCallbacks.<computed> (C:\
Users\thiag\Desktop\Projetos\avia
tor-risk-analyzer\node_modules\.p
npm\esbuild@0.25.9\node_modules\e
sbuild\lib\main.js:603:9)
    at handleIncomingPacket (C:\U
sers\thiag\Desktop\Projetos\aviat
or-risk-analyzer\node_modules\.pn
pm\esbuild@0.25.9\node_modules\es
build\lib\main.js:658:12)
    at Socket.readFromStdout (C:\
Users\thiag\Desktop\Projetos\avia
tor-risk-analyzer\node_modules\.p
npm\esbuild@0.25.9\node_modules\e
sbuild\lib\main.js:581:7)
    at Socket.emit 
(node:events:524:28)
    at addChunk (node:internal/st
reams/readable:561:12)
    at 
readableAddChunkPushByteMode (nod
e:internal/streams/readable:512:3
)
    at Readable.push (node:intern
al/streams/readable:392:5)
    at Pipe.onStreamRead (node:in
ternal/stream_base_commons:191:23
) {
  errors: [Getter/Setter],
  warnings: [Getter/Setter],
  frame: '\n' +
    '\x1B[33mExpected "}" but 
found "pinkIntervals"\x1B[39m\n' 
+
    '36 |        prediction: 
result.prediction,\n' +
    '37 |        pinkIntervals: 
result.pinkIntervals\n' +
    '38 |        pinkIntervals: 
result.pinkIntervals // NOVO: 
Passar intervalos para o 
Overlay\n' +
    '   |        ^\n' +
    '39 |      };\n' +
    '40 |    }\n',
  loc: {
    column: 6,
    file: 'C:/Users/thiag/Desktop
/Projetos/aviator-risk-analyzer/c
hrome-extension/src/content/servi
ces/patternService.ts',
    length: 13,
    line: 38,
    lineText: '      
pinkIntervals: 
result.pinkIntervals // NOVO: 
Passar intervalos para o 
Overlay',
    namespace: '',
    suggestion: '}'
  },
  code: 'PLUGIN_ERROR',
  plugin: 'vite:esbuild',
  hook: 'transform',
  id: 'C:/Users/thiag/Desktop/Pro
jetos/aviator-risk-analyzer/chrom
e-extension/src/content/services/
patternService.ts',
  watchFiles: [
    'C:/Users/thiag/Desktop/Proje
tos/aviator-risk-analyzer/chrome-
extension/src/matches/all/index.t
sx',
    'C:\\Users\\thiag\\Desktop\\P
rojetos\\aviator-risk-analyzer\\c
hrome-extension\\package.json',
    'C:/Users/thiag/Desktop/Proje
tos/aviator-risk-analyzer/node_mo
dules/.pnpm/react@19.1.1/node_mod
ules/react/jsx-runtime.js',
    'C:/Users/thiag/Desktop/Proje
tos/aviator-risk-analyzer/chrome-
extension/src/matches/all/index.c
ss',
    'C:/Users/thiag/Desktop/Proje
tos/aviator-risk-analyzer/chrome-
extension/src/content/components/
overlay/AnalyzerOverlay.tsx',
    'C:/Users/thiag/Desktop/Proje
tos/aviator-risk-analyzer/chrome-
extension/src/content/components/
spy/ContentSpy.tsx',
    'C:/Users/thiag/Desktop/Proje
tos/aviator-risk-analyzer/node_mo
dules/.pnpm/react-dom@19.1.1_reac
t@19.1.1/node_modules/react-dom/c
lient.js',
    'C:/Users/thiag/Desktop/Proje
tos/aviator-risk-analyzer/node_mo
dules/.pnpm/react@19.1.1/node_mod
ules/react/cjs/react-jsx-runtime.
production.js',
    'C:/Users/thiag/Desktop/Proje
tos/aviator-risk-analyzer/node_mo
dules/.pnpm/react@19.1.1/node_mod
ules/react/cjs/react-jsx-runtime.
development.js',
    'C:/Users/thiag/Desktop/Proje
tos/aviator-risk-analyzer/node_mo
dules/.pnpm/react-dom@19.1.1_reac
t@19.1.1/node_modules/react-dom/c
js/react-dom-client.production.js
',
    'C:/Users/thiag/Desktop/Proje
tos/aviator-risk-analyzer/chrome-
extension/src/content/hooks/useGa
meAnalysis.ts',
    'C:/Users/thiag/Desktop/Proje
tos/aviator-risk-analyzer/node_mo
dules/.pnpm/react@19.1.1/node_mod
ules/react/index.js',
    'C:/Users/thiag/Desktop/Proje
tos/aviator-risk-analyzer/chrome-
extension/src/content/services/Br
idgeService.ts',
    'C:/Users/thiag/Desktop/Proje
tos/aviator-risk-analyzer/chrome-
extension/src/content/lib/utils.t
s',
    'C:/Users/thiag/Desktop/Proje
tos/aviator-risk-analyzer/chrome-
extension/src/content/hooks/useOv
erseer.ts',
    'C:/Users/thiag/Desktop/Proje
tos/aviator-risk-analyzer/chrome-
extension/src/content/hooks/useBa
nkroll.ts',
    'C:/Users/thiag/Desktop/Proje
tos/aviator-risk-analyzer/node_mo
dules/.pnpm/lucide-react@0.468.0_
react@19.1.1/node_modules/lucide-
react/dist/esm/lucide-react.js',
    'C:/Users/thiag/Desktop/Proje
tos/aviator-risk-analyzer/chrome-
extension/src/content/services/st
ealthMode.ts',
    'C:/Users/thiag/Desktop/Proje
tos/aviator-risk-analyzer/node_mo
dules/.pnpm/react-dom@19.1.1_reac
t@19.1.1/node_modules/react-dom/c
js/react-dom-client.development.j
s',
    'C:/Users/thiag/Desktop/Proje
tos/aviator-risk-analyzer/node_mo
dules/.pnpm/scheduler@0.26.0/node
_modules/scheduler/index.js',
    'C:/Users/thiag/Desktop/Proje
tos/aviator-risk-analyzer/node_mo
dules/.pnpm/react-dom@19.1.1_reac
t@19.1.1/node_modules/react-dom/i
ndex.js',
    'C:/Users/thiag/Desktop/Proje
tos/aviator-risk-analyzer/node_mo
dules/.pnpm/lucide-react@0.468.0_
react@19.1.1/node_modules/lucide-
react/dist/esm/icons/alarm-clock-
plus.js',
    'C:/Users/thiag/Desktop/Proje
tos/aviator-risk-analyzer/node_mo
dules/.pnpm/lucide-react@0.468.0_
react@19.1.1/node_modules/lucide-
react/dist/esm/icons/alarm-clock-
check.js',
    'C:/Users/thiag/Desktop/Proje
tos/aviator-risk-analyzer/node_mo
dules/.pnpm/lucide-react@0.468.0_
react@19.1.1/node_modules/lucide-
react/dist/esm/icons/alarm-clock-
minus.js',
    'C:/Users/thiag/Desktop/Proje
tos/aviator-risk-analyzer/node_mo
dules/.pnpm/lucide-react@0.468.0_
react@19.1.1/node_modules/lucide-
react/dist/esm/icons/arrow-down-w
ide-narrow.js',
    'C:/Users/thiag/Desktop/Proje
tos/aviator-risk-analyzer/node_mo
dules/.pnpm/lucide-react@0.468.0_
react@19.1.1/node_modules/lucide-
react/dist/esm/icons/arrow-down-z
-a.js',
    'C:/Users/thiag/Desktop/Proje
tos/aviator-risk-analyzer/node_mo
dules/.pnpm/lucide-react@0.468.0_
react@19.1.1/node_modules/lucide-
react/dist/esm/icons/index.js',
    'C:/Users/thiag/Desktop/Proje
tos/aviator-risk-analyzer/node_mo
dules/.pnpm/lucide-react@0.468.0_
react@19.1.1/node_modules/lucide-
react/dist/esm/icons/arrow-up-a-z
.js',
    'C:/Users/thiag/Desktop/Proje
tos/aviator-risk-analyzer/node_mo
dules/.pnpm/lucide-react@0.468.0_
react@19.1.1/node_modules/lucide-
react/dist/esm/icons/arrow-down-a
-z.js',
    'C:/Users/thiag/Desktop/Proje
tos/aviator-risk-analyzer/node_mo
dules/.pnpm/lucide-react@0.468.0_
react@19.1.1/node_modules/lucide-
react/dist/esm/icons/arrow-up-z-a
.js',
    'C:/Users/thiag/Desktop/Proje
tos/aviator-risk-analyzer/node_mo
dules/.pnpm/lucide-react@0.468.0_
react@19.1.1/node_modules/lucide-
react/dist/esm/icons/axis-3d.js',
    'C:/Users/thiag/Desktop/Proje
tos/aviator-risk-analyzer/node_mo
dules/.pnpm/lucide-react@0.468.0_
react@19.1.1/node_modules/lucide-
react/dist/esm/icons/arrow-up-nar
row-wide.js',
    'C:/Users/thiag/Desktop/Proje
tos/aviator-risk-analyzer/node_mo
dules/.pnpm/lucide-react@0.468.0_
react@19.1.1/node_modules/lucide-
react/dist/esm/icons/badge-check.
js',
    'C:/Users/thiag/Desktop/Proje
tos/aviator-risk-analyzer/node_mo
dules/.pnpm/lucide-react@0.468.0_
react@19.1.1/node_modules/lucide-
react/dist/esm/icons/between-hori
zontal-end.js',
    'C:/Users/thiag/Desktop/Proje
tos/aviator-risk-analyzer/node_mo
dules/.pnpm/lucide-react@0.468.0_
react@19.1.1/node_modules/lucide-
react/dist/esm/icons/captions.js'
,
    'C:/Users/thiag/Desktop/Proje
tos/aviator-risk-analyzer/node_mo
dules/.pnpm/lucide-react@0.468.0_
react@19.1.1/node_modules/lucide-
react/dist/esm/icons/between-hori
zontal-start.js',
    'C:/Users/thiag/Desktop/Proje
tos/aviator-risk-analyzer/node_mo
dules/.pnpm/lucide-react@0.468.0_
react@19.1.1/node_modules/lucide-
react/dist/esm/icons/braces.js',
    'C:/Users/thiag/Desktop/Proje
tos/aviator-risk-analyzer/node_mo
dules/.pnpm/lucide-react@0.468.0_
react@19.1.1/node_modules/lucide-
react/dist/esm/icons/book-dashed.
js',
    'C:/Users/thiag/Desktop/Proje
tos/aviator-risk-analyzer/node_mo
dules/.pnpm/lucide-react@0.468.0_
react@19.1.1/node_modules/lucide-
react/dist/esm/icons/chart-area.j
s',
    'C:/Users/thiag/Desktop/Proje
tos/aviator-risk-analyzer/node_mo
dules/.pnpm/lucide-react@0.468.0_
react@19.1.1/node_modules/lucide-
react/dist/esm/icons/chart-bar-bi
g.js',
    'C:/Users/thiag/Desktop/Proje
tos/aviator-risk-analyzer/node_mo
dules/.pnpm/lucide-react@0.468.0_
react@19.1.1/node_modules/lucide-
react/dist/esm/icons/chart-candle
stick.js',
    'C:/Users/thiag/Desktop/Proje
tos/aviator-risk-analyzer/node_mo
dules/.pnpm/lucide-react@0.468.0_
react@19.1.1/node_modules/lucide-
react/dist/esm/icons/chart-bar.js
',
    'C:/Users/thiag/Desktop/Proje
tos/aviator-risk-analyzer/node_mo
dules/.pnpm/lucide-react@0.468.0_
react@19.1.1/node_modules/lucide-
react/dist/esm/icons/chart-column
-big.js',
    'C:/Users/thiag/Desktop/Proje
tos/aviator-risk-analyzer/node_mo
dules/.pnpm/lucide-react@0.468.0_
react@19.1.1/node_modules/lucide-
react/dist/esm/icons/chart-column
-increasing.js',
    'C:/Users/thiag/Desktop/Proje
tos/aviator-risk-analyzer/node_mo
dules/.pnpm/lucide-react@0.468.0_
react@19.1.1/node_modules/lucide-
react/dist/esm/icons/chart-column
.js',
    'C:/Users/thiag/Desktop/Proje
tos/aviator-risk-analyzer/node_mo
dules/.pnpm/lucide-react@0.468.0_
react@19.1.1/node_modules/lucide-
react/dist/esm/icons/chart-no-axe
s-column-increasing.js',
    'C:/Users/thiag/Desktop/Proje
tos/aviator-risk-analyzer/node_mo
dules/.pnpm/lucide-react@0.468.0_
react@19.1.1/node_modules/lucide-
react/dist/esm/icons/chart-line.j
s',
    'C:/Users/thiag/Desktop/Proje
tos/aviator-risk-analyzer/node_mo
dules/.pnpm/lucide-react@0.468.0_
react@19.1.1/node_modules/lucide-
react/dist/esm/icons/chart-no-axe
s-column.js',
    'C:/Users/thiag/Desktop/Proje
tos/aviator-risk-analyzer/node_mo
dules/.pnpm/lucide-react@0.468.0_
react@19.1.1/node_modules/lucide-
react/dist/esm/icons/chart-no-axe
s-gantt.js',
    'C:/Users/thiag/Desktop/Proje
tos/aviator-risk-analyzer/node_mo
dules/.pnpm/lucide-react@0.468.0_
react@19.1.1/node_modules/lucide-
react/dist/esm/icons/chart-scatte
r.js',
    'C:/Users/thiag/Desktop/Proje
tos/aviator-risk-analyzer/node_mo
dules/.pnpm/lucide-react@0.468.0_
react@19.1.1/node_modules/lucide-
react/dist/esm/icons/chart-pie.js
',
    'C:/Users/thiag/Desktop/Proje
tos/aviator-risk-analyzer/node_mo
dules/.pnpm/lucide-react@0.468.0_
react@19.1.1/node_modules/lucide-
react/dist/esm/icons/circle-alert
.js',
    'C:/Users/thiag/Desktop/Proje
tos/aviator-risk-analyzer/node_mo
dules/.pnpm/lucide-react@0.468.0_
react@19.1.1/node_modules/lucide-
react/dist/esm/icons/circle-arrow
-down.js',
    'C:/Users/thiag/Desktop/Proje
tos/aviator-risk-analyzer/node_mo
dules/.pnpm/lucide-react@0.468.0_
react@19.1.1/node_modules/lucide-
react/dist/esm/icons/circle-arrow
-left.js',
    'C:/Users/thiag/Desktop/Proje
tos/aviator-risk-analyzer/node_mo
dules/.pnpm/lucide-react@0.468.0_
react@19.1.1/node_modules/lucide-
react/dist/esm/icons/circle-arrow
-out-down-left.js',
    'C:/Users/thiag/Desktop/Proje
tos/aviator-risk-analyzer/node_mo
dules/.pnpm/lucide-react@0.468.0_
react@19.1.1/node_modules/lucide-
react/dist/esm/icons/circle-arrow
-out-down-right.js',
    'C:/Users/thiag/Desktop/Proje
tos/aviator-risk-analyzer/node_mo
dules/.pnpm/lucide-react@0.468.0_
react@19.1.1/node_modules/lucide-
react/dist/esm/icons/circle-arrow
-out-up-left.js',
    'C:/Users/thiag/Desktop/Proje
tos/aviator-risk-analyzer/node_mo
dules/.pnpm/lucide-react@0.468.0_
react@19.1.1/node_modules/lucide-
react/dist/esm/icons/circle-arrow
-out-up-right.js',
    'C:/Users/thiag/Desktop/Proje
tos/aviator-risk-analyzer/node_mo
dules/.pnpm/lucide-react@0.468.0_
react@19.1.1/node_modules/lucide-
react/dist/esm/icons/circle-arrow
-up.js',
    'C:/Users/thiag/Desktop/Proje
tos/aviator-risk-analyzer/node_mo
dules/.pnpm/lucide-react@0.468.0_
react@19.1.1/node_modules/lucide-
react/dist/esm/icons/circle-arrow
-right.js',
    'C:/Users/thiag/Desktop/Proje
tos/aviator-risk-analyzer/node_mo
dules/.pnpm/lucide-react@0.468.0_
react@19.1.1/node_modules/lucide-
react/dist/esm/icons/circle-check
-big.js',
    'C:/Users/thiag/Desktop/Proje
tos/aviator-risk-analyzer/node_mo
dules/.pnpm/lucide-react@0.468.0_
react@19.1.1/node_modules/lucide-
react/dist/esm/icons/circle-check
.js',
    'C:/Users/thiag/Desktop/Proje
tos/aviator-risk-analyzer/node_mo
dules/.pnpm/lucide-react@0.468.0_
react@19.1.1/node_modules/lucide-
react/dist/esm/icons/circle-chevr
on-left.js',
    'C:/Users/thiag/Desktop/Proje
tos/aviator-risk-analyzer/node_mo
dules/.pnpm/lucide-react@0.468.0_
react@19.1.1/node_modules/lucide-
react/dist/esm/icons/circle-divid
e.js',
    'C:/Users/thiag/Desktop/Proje
tos/aviator-risk-analyzer/node_mo
dules/.pnpm/lucide-react@0.468.0_
react@19.1.1/node_modules/lucide-
react/dist/esm/icons/circle-chevr
on-right.js',
    'C:/Users/thiag/Desktop/Proje
tos/aviator-risk-analyzer/node_mo
dules/.pnpm/lucide-react@0.468.0_
react@19.1.1/node_modules/lucide-
react/dist/esm/icons/circle-chevr
on-up.js',
    'C:/Users/thiag/Desktop/Proje
tos/aviator-risk-analyzer/node_mo
dules/.pnpm/lucide-react@0.468.0_
react@19.1.1/node_modules/lucide-
react/dist/esm/icons/circle-chevr
on-down.js',
    'C:/Users/thiag/Desktop/Proje
tos/aviator-risk-analyzer/node_mo
dules/.pnpm/lucide-react@0.468.0_
react@19.1.1/node_modules/lucide-
react/dist/esm/icons/circle-gauge
.js',
    'C:/Users/thiag/Desktop/Proje
tos/aviator-risk-analyzer/node_mo
dules/.pnpm/lucide-react@0.468.0_
react@19.1.1/node_modules/lucide-
react/dist/esm/icons/circle-minus
.js',
    'C:/Users/thiag/Desktop/Proje
tos/aviator-risk-analyzer/node_mo
dules/.pnpm/lucide-react@0.468.0_
react@19.1.1/node_modules/lucide-
react/dist/esm/icons/circle-help.
js',
    'C:/Users/thiag/Desktop/Proje
tos/aviator-risk-analyzer/node_mo
dules/.pnpm/lucide-react@0.468.0_
react@19.1.1/node_modules/lucide-
react/dist/esm/icons/circle-parki
ng-off.js',
    'C:/Users/thiag/Desktop/Proje
tos/aviator-risk-analyzer/node_mo
dules/.pnpm/lucide-react@0.468.0_
react@19.1.1/node_modules/lucide-
react/dist/esm/icons/circle-parki
ng.js',
    'C:/Users/thiag/Desktop/Proje
tos/aviator-risk-analyzer/node_mo
dules/.pnpm/lucide-react@0.468.0_
react@19.1.1/node_modules/lucide-
react/dist/esm/icons/circle-play.
js',
    'C:/Users/thiag/Desktop/Proje
tos/aviator-risk-analyzer/node_mo
dules/.pnpm/lucide-react@0.468.0_
react@19.1.1/node_modules/lucide-
react/dist/esm/icons/circle-perce
nt.js',
    'C:/Users/thiag/Desktop/Proje
tos/aviator-risk-analyzer/node_mo
dules/.pnpm/lucide-react@0.468.0_
react@19.1.1/node_modules/lucide-
react/dist/esm/icons/circle-pause
.js',
    'C:/Users/thiag/Desktop/Proje
tos/aviator-risk-analyzer/node_mo
dules/.pnpm/lucide-react@0.468.0_
react@19.1.1/node_modules/lucide-
react/dist/esm/icons/circle-power
.js',
    'C:/Users/thiag/Desktop/Proje
tos/aviator-risk-analyzer/node_mo
dules/.pnpm/lucide-react@0.468.0_
react@19.1.1/node_modules/lucide-
react/dist/esm/icons/circle-plus.
js',
    'C:/Users/thiag/Desktop/Proje
tos/aviator-risk-analyzer/node_mo
dules/.pnpm/lucide-react@0.468.0_
react@19.1.1/node_modules/lucide-
react/dist/esm/icons/circle-stop.
js',
    'C:/Users/thiag/Desktop/Proje
tos/aviator-risk-analyzer/node_mo
dules/.pnpm/lucide-react@0.468.0_
react@19.1.1/node_modules/lucide-
react/dist/esm/icons/circle-slash
-2.js',
    'C:/Users/thiag/Desktop/Proje
tos/aviator-risk-analyzer/node_mo
dules/.pnpm/lucide-react@0.468.0_
react@19.1.1/node_modules/lucide-
react/dist/esm/icons/circle-user-
round.js',
    'C:/Users/thiag/Desktop/Proje
tos/aviator-risk-analyzer/node_mo
dules/.pnpm/lucide-react@0.468.0_
react@19.1.1/node_modules/lucide-
react/dist/esm/icons/clipboard-pe
n-line.js',
    'C:/Users/thiag/Desktop/Proje
tos/aviator-risk-analyzer/node_mo
dules/.pnpm/lucide-react@0.468.0_
react@19.1.1/node_modules/lucide-
react/dist/esm/icons/circle-x.js'
,
    'C:/Users/thiag/Desktop/Proje
tos/aviator-risk-analyzer/node_mo
dules/.pnpm/lucide-react@0.468.0_
react@19.1.1/node_modules/lucide-
react/dist/esm/icons/circle-user.
js',
    'C:/Users/thiag/Desktop/Proje
tos/aviator-risk-analyzer/node_mo
dules/.pnpm/lucide-react@0.468.0_
react@19.1.1/node_modules/lucide-
react/dist/esm/icons/cloud-downlo
ad.js',
    'C:/Users/thiag/Desktop/Proje
tos/aviator-risk-analyzer/node_mo
dules/.pnpm/lucide-react@0.468.0_
react@19.1.1/node_modules/lucide-
react/dist/esm/icons/cloud-upload
.js',
    'C:/Users/thiag/Desktop/Proje
tos/aviator-risk-analyzer/node_mo
dules/.pnpm/lucide-react@0.468.0_
react@19.1.1/node_modules/lucide-
react/dist/esm/icons/clipboard-pe
n.js',
    'C:/Users/thiag/Desktop/Proje
tos/aviator-risk-analyzer/node_mo
dules/.pnpm/lucide-react@0.468.0_
react@19.1.1/node_modules/lucide-
react/dist/esm/icons/columns-2.js
',
    'C:/Users/thiag/Desktop/Proje
tos/aviator-risk-analyzer/node_mo
dules/.pnpm/lucide-react@0.468.0_
react@19.1.1/node_modules/lucide-
react/dist/esm/icons/columns-3.js
',
    'C:/Users/thiag/Desktop/Proje
tos/aviator-risk-analyzer/node_mo
dules/.pnpm/lucide-react@0.468.0_
react@19.1.1/node_modules/lucide-
react/dist/esm/icons/code-xml.js'
,
    'C:/Users/thiag/Desktop/Proje
tos/aviator-risk-analyzer/node_mo
dules/.pnpm/lucide-react@0.468.0_
react@19.1.1/node_modules/lucide-
react/dist/esm/icons/diamond-perc
ent.js',
    'C:/Users/thiag/Desktop/Proje
tos/aviator-risk-analyzer/node_mo
dules/.pnpm/lucide-react@0.468.0_
react@19.1.1/node_modules/lucide-
react/dist/esm/icons/contact-roun
d.js',
    'C:/Users/thiag/Desktop/Proje
tos/aviator-risk-analyzer/node_mo
dules/.pnpm/lucide-react@0.468.0_
react@19.1.1/node_modules/lucide-
react/dist/esm/icons/earth.js',
    'C:/Users/thiag/Desktop/Proje
tos/aviator-risk-analyzer/node_mo
dules/.pnpm/lucide-react@0.468.0_
react@19.1.1/node_modules/lucide-
react/dist/esm/icons/ellipsis.js'
,
    'C:/Users/thiag/Desktop/Proje
tos/aviator-risk-analyzer/node_mo
dules/.pnpm/lucide-react@0.468.0_
react@19.1.1/node_modules/lucide-
react/dist/esm/icons/file-axis-3d
.js',
    'C:/Users/thiag/Desktop/Proje
tos/aviator-risk-analyzer/node_mo
dules/.pnpm/lucide-react@0.468.0_
react@19.1.1/node_modules/lucide-
react/dist/esm/icons/ellipsis-ver
tical.js',
    'C:/Users/thiag/Desktop/Proje
tos/aviator-risk-analyzer/node_mo
dules/.pnpm/lucide-react@0.468.0_
react@19.1.1/node_modules/lucide-
react/dist/esm/icons/file-chart-c
olumn-increasing.js',
    'C:/Users/thiag/Desktop/Proje
tos/aviator-risk-analyzer/node_mo
dules/.pnpm/lucide-react@0.468.0_
react@19.1.1/node_modules/lucide-
react/dist/esm/icons/file-chart-p
ie.js',
    'C:/Users/thiag/Desktop/Proje
tos/aviator-risk-analyzer/node_mo
dules/.pnpm/lucide-react@0.468.0_
react@19.1.1/node_modules/lucide-
react/dist/esm/icons/file-chart-c
olumn.js',
    'C:/Users/thiag/Desktop/Proje
tos/aviator-risk-analyzer/node_mo
dules/.pnpm/lucide-react@0.468.0_
react@19.1.1/node_modules/lucide-
react/dist/esm/icons/file-chart-l
ine.js',
    'C:/Users/thiag/Desktop/Proje
tos/aviator-risk-analyzer/node_mo
dules/.pnpm/lucide-react@0.468.0_
react@19.1.1/node_modules/lucide-
react/dist/esm/icons/file-cog.js'
,
    ... 1489 more items
  ]
}

Node.js v20.19.4
ÔÇëELIFECYCLEÔÇë Command failed with exit code 1.
